This is pdfTeX, Version 3.141592653-2.6-1.40.28 (MiKTeX 25.12) (preloaded format=pdflatex 2026.4.20)  5 MAY 2026 03:01
entering extended mode
 restricted \write18 enabled.
 %&-line parsing enabled.
**./APJ_GMR_PAPER1_MANUSCRIPT_V55_REFEREE.tex
(APJ_GMR_PAPER1_MANUSCRIPT_V55_REFEREE.tex
LaTeX2e <2025-11-01>
L3 programming layer <2025-12-24>
(aastex701.cls
Document Class: aastex701 2025/05/09 Version 7.0.1/AAS markup document class
Class aastex701 Info: 

 Original \LaTeX2.09 style by Chris Biemesderfer (chris@seagoat.com). 
 Adapted to \LaTeXe by A. Ogawa (ogawa@teleport.com)
 emulateapj.cls included, Copyright Alexey Vikhlinin. 
 Rewrite and update of emulateapj.cls, revised and enhanced with table macros, 
gridlines, draft watermark,
 track changes, new `modern' style and much more, by Amy Hendrickson,
 (amyh@texnology.com, http://www.texnology.com) 
 Updated by Aptara. No longer depends on Revtex4-1 classfile
 
  on input line 50.
\bibbaselineskip=\skip49
LaTeX Info: Redefining \@centercr on input line 428.
Class aastex701 Info: Repairing hyperref-unfriendly LaTeX definition of \mpfoot
note on input line 517.
\intertabularlinepenalty=\count275
\@tbpen=\count276
\@arstrutbox@hline=\box53
Class aastex701 Info: Repairing broken LaTeX \@xbitor on input line 1642.
Class aastex701 Info: Making \typeout \long on input line 1907.
ltxfront[2022/06/05 4.2f frontmatter package (AO,DPC,MD)]
\c@affil=\count277
\c@collab=\count278
\absbox=\box54
ltxgrid[2022/06/05 4.2f page grid package (portions licensed from W. E. Baxter 
web at superscript.com)]
\c@linecount=\count279
\output@latex=\toks17
\box@size@1=\box55
\box@size@2=\box56
\@protection@box=\box57
\@topmark@saved=\toks18
\footins@saved=\box58
\footins@recovered=\box59
\column@recovered=\box60
\pagesofar=\box61
\footsofar=\box62
\pagegrid@col=\count280
Class aastex701 Info: Overriding \@vspace, \@vspacer, \@no@pgbk, \@newline, and
 \\  on input line 5351.
\c@part=\count281
\c@section=\count282
\c@subsection=\count283
\c@subsubsection=\count284
\c@paragraph=\count285
\c@subparagraph=\count286
\abovecaptionskip=\skip50
\belowcaptionskip=\skip51
\c@figure=\count287
\fbox@1=\box63
\c@table=\count288
\fbox@2=\box64
\c@video=\count289
\fbox@4=\box65
(C:\Users\playc\AppData\Local\Programs\MiKTeX\tex/latex/textcase\textcase.sty
Package: textcase 2025/02/16 v1.05 Text only upper/lower case changing (DPC)
Package textcase Info: Defining Legacy names on input line 20.
)
(C:\Users\playc\AppData\Local\Programs\MiKTeX\tex/latex/natbib\natbib.sty
Package: natbib 2010/09/13 8.31b (PWD, AO)
\bibhang=\skip52
\bibsep=\skip53
LaTeX Info: Redefining \cite on input line 694.
\c@NAT@ctr=\count290
)
Class aastex701 Info: Repairing natbib's \BibitemShut on input line 6893.

(C:\Users\playc\AppData\Local\Programs\MiKTeX\tex/latex/base\latexsym.sty
Package: latexsym 1998/08/17 v2.2e Standard LaTeX package (lasy symbols)
\symlasy=\mathgroup4
LaTeX Font Info:    Overwriting symbol font `lasy' in version `bold'
(Font)                  U/lasy/m/n --> U/lasy/b/n on input line 52.
)
(C:\Users\playc\AppData\Local\Programs\MiKTeX\tex/latex/amsfonts\amssymb.sty
Package: amssymb 2013/01/14 v3.01 AMS font symbols

(C:\Users\playc\AppData\Local\Programs\MiKTeX\tex/latex/amsfonts\amsfonts.sty
Package: amsfonts 2013/01/14 v3.01 Basic AMSFonts support
\@emptytoks=\toks19
\symAMSa=\mathgroup5
\symAMSb=\mathgroup6
LaTeX Font Info:    Redeclaring math symbol \hbar on input line 98.
LaTeX Font Info:    Overwriting math alphabet `\mathfrak' in version `bold'
(Font)                  U/euf/m/n --> U/euf/b/n on input line 106.
)) (C:\Users\playc\AppData\Local\Programs\MiKTeX\tex/latex/epsf\epsf.sty
This is `epsf.tex' v2.7.4 <14 February 2011>
\epsffilein=\read2
\epsfframemargin=\dimen148
\epsfframethickness=\dimen149
\epsfrsize=\dimen150
\epsftmp=\dimen151
\epsftsize=\dimen152
\epsfxsize=\dimen153
\epsfysize=\dimen154
\pspoints=\dimen155
) (C:\Users\playc\AppData\Local\Programs\MiKTeX\tex/latex/graphics\graphicx.sty
Package: graphicx 2024/12/31 v1.2e Enhanced LaTeX Graphics (DPC,SPQR)
(C:\Users\playc\AppData\Local\Programs\MiKTeX\tex/latex/graphics\keyval.sty
Package: keyval 2022/05/29 v1.15 key=value parser (DPC)
\KV@toks@=\toks20
)
(C:\Users\playc\AppData\Local\Programs\MiKTeX\tex/latex/graphics\graphics.sty
Package: graphics 2024/08/06 v1.4g Standard LaTeX Graphics (DPC,SPQR)

(C:\Users\playc\AppData\Local\Programs\MiKTeX\tex/latex/graphics\trig.sty
Package: trig 2023/12/02 v1.11 sin cos tan (DPC)
)
(C:\Users\playc\AppData\Local\Programs\MiKTeX\tex/latex/graphics-cfg\graphics.c
fg
File: graphics.cfg 2016/06/04 v1.11 sample graphics configuration
)
Package graphics Info: Driver file: pdftex.def on input line 106.

(C:\Users\playc\AppData\Local\Programs\MiKTeX\tex/latex/graphics-def\pdftex.def
File: pdftex.def 2025/09/29 v1.2d Graphics/color driver for pdftex
))
\Gin@req@height=\dimen156
\Gin@req@width=\dimen157
)
\rptnum=\count291
\rptloopnum=\count292
\fncount=\count293
\endfncount=\count294
\c@front@matter@foot@note=\count295
\keys@width=\skip54
\c@lastfootnote=\count296
\tempsectnum=\count297
\ackbox=\box66
 (C:\Users\playc\AppData\Local\Programs\MiKTeX\tex/latex/base\ifthen.sty
Package: ifthen 2024/03/16 v1.1e Standard LaTeX ifthen package (DPC)
)
\contribbox=\box67
\c@remember@figure@num=\count298
\c@remember@table@num=\count299
\bibskip=\skip55
\bibindent=\dimen158
\plot@width=\skip56
\c@table@save=\count300
\@abovenoteskip=\dimen159
\table@note@skip=\skip57
\deluxe@table@width=\skip58
\@d@t@a=\skip59
\c@deluxe@table@num=\count301
\LTcapwidth=\dimen160
\abovedeluxetableskip=\skip60
\belowdeluxetableskip=\skip61
\lastrowheight=\dimen161
\DT@p@ftn=\toks21
\pt@column=\count302
\pt@ncol=\count303

(C:\Users\playc\AppData\Local\Programs\MiKTeX\tex/latex/url\url.sty
\Urlmuskip=\muskip17
Package: url 2013/09/16  ver 3.4  Verb mode for urls, etc.
)
(C:\Users\playc\AppData\Local\Programs\MiKTeX\tex/latex/tools\longtable.sty
Package: longtable 2025-10-13 v4.24 Multi-page Table package (DPC)
\LTleft=\skip62
\LTright=\skip63
\LTpre=\skip64
\LTpost=\skip65
\LTchunksize=\count304
\LTcapwidth=\dimen162
\LT@head=\box68
\LT@firsthead=\box69
\LT@foot=\box70
\LT@lastfoot=\box71
\LT@gbox=\box72
\LT@cols=\count305
\LT@rows=\count306
\c@LT@tables=\count307
\c@LT@chunks=\count308
\LT@p@ftn=\toks22
)
(C:\Users\playc\AppData\Local\Programs\MiKTeX\tex/latex/xcolor\xcolor.sty
Package: xcolor 2024/09/29 v3.02 LaTeX color extensions (UK)

(C:\Users\playc\AppData\Local\Programs\MiKTeX\tex/latex/graphics-cfg\color.cfg
File: color.cfg 2016/01/02 v1.6 sample color configuration
)
Package xcolor Info: Driver file: pdftex.def on input line 274.
(C:\Users\playc\AppData\Local\Programs\MiKTeX\tex/latex/graphics\mathcolor.ltx)
Package xcolor Info: Model `cmy' substituted by `cmy0' on input line 1349.
Package xcolor Info: Model `hsb' substituted by `rgb' on input line 1353.
Package xcolor Info: Model `RGB' extended on input line 1365.
Package xcolor Info: Model `HTML' substituted by `rgb' on input line 1367.
Package xcolor Info: Model `Hsb' substituted by `hsb' on input line 1368.
Package xcolor Info: Model `tHsb' substituted by `hsb' on input line 1369.
Package xcolor Info: Model `HSB' substituted by `hsb' on input line 1370.
Package xcolor Info: Model `Gray' substituted by `gray' on input line 1371.
Package xcolor Info: Model `wave' substituted by `hsb' on input line 1372.
) (C:\Users\playc\AppData\Local\Programs\MiKTeX\tex/latex/hyperref\hyperref.sty
Package: hyperref 2025-07-12 v7.01o Hypertext links for LaTeX
(C:\Users\playc\AppData\Local\Programs\MiKTeX\tex/generic/iftex\iftex.sty
Package: iftex 2024/12/12 v1.0g TeX engine tests
)
(C:\Users\playc\AppData\Local\Programs\MiKTeX\tex/latex/kvsetkeys\kvsetkeys.sty
Package: kvsetkeys 2022-10-05 v1.19 Key value parser (HO)
)
(C:\Users\playc\AppData\Local\Programs\MiKTeX\tex/generic/kvdefinekeys\kvdefine
keys.sty
Package: kvdefinekeys 2019-12-19 v1.6 Define keys (HO)
)
(C:\Users\playc\AppData\Local\Programs\MiKTeX\tex/generic/pdfescape\pdfescape.s
ty
Package: pdfescape 2019/12/09 v1.15 Implements pdfTeX's escape features (HO)

(C:\Users\playc\AppData\Local\Programs\MiKTeX\tex/generic/ltxcmds\ltxcmds.sty
Package: ltxcmds 2023-12-04 v1.26 LaTeX kernel commands for general use (HO)
)
(C:\Users\playc\AppData\Local\Programs\MiKTeX\tex/generic/pdftexcmds\pdftexcmds
.sty
Package: pdftexcmds 2020-06-27 v0.33 Utility functions of pdfTeX for LuaTeX (HO
)

(C:\Users\playc\AppData\Local\Programs\MiKTeX\tex/generic/infwarerr\infwarerr.s
ty
Package: infwarerr 2019/12/03 v1.5 Providing info/warning/error messages (HO)
)
Package pdftexcmds Info: \pdf@primitive is available.
Package pdftexcmds Info: \pdf@ifprimitive is available.
Package pdftexcmds Info: \pdfdraftmode found.
))
(C:\Users\playc\AppData\Local\Programs\MiKTeX\tex/latex/hycolor\hycolor.sty
Package: hycolor 2020-01-27 v1.10 Color options for hyperref/bookmark (HO)
)
(C:\Users\playc\AppData\Local\Programs\MiKTeX\tex/latex/hyperref\nameref.sty
Package: nameref 2025-06-21 v2.57 Cross-referencing by name of section

(C:\Users\playc\AppData\Local\Programs\MiKTeX\tex/latex/refcount\refcount.sty
Package: refcount 2019/12/15 v3.6 Data extraction from label references (HO)
)
(C:\Users\playc\AppData\Local\Programs\MiKTeX\tex/generic/gettitlestring\gettit
lestring.sty
Package: gettitlestring 2019/12/15 v1.6 Cleanup title references (HO)

(C:\Users\playc\AppData\Local\Programs\MiKTeX\tex/latex/kvoptions\kvoptions.sty
Package: kvoptions 2022-06-15 v3.15 Key value format for package options (HO)
))

Package nameref Warning: The definition of \label has changed! 
(nameref)                Check your packages! 
(nameref)                Replacing it with the kernel definition on input line 
149.

\c@section@level=\count309
) (C:\Users\playc\AppData\Local\Programs\MiKTeX\tex/latex/etoolbox\etoolbox.sty
Package: etoolbox 2025/10/02 v2.5m e-TeX tools for LaTeX (JAW)
\etb@tempcnta=\count310
)
(C:\Users\playc\AppData\Local\Programs\MiKTeX\tex/generic/stringenc\stringenc.s
ty
Package: stringenc 2019/11/29 v1.12 Convert strings between diff. encodings (HO
)
)
\@linkdim=\dimen163
\Hy@linkcounter=\count311
\Hy@pagecounter=\count312
 (C:\Users\playc\AppData\Local\Programs\MiKTeX\tex/latex/hyperref\pd1enc.def
File: pd1enc.def 2025-07-12 v7.01o Hyperref: PDFDocEncoding definition (HO)
Now handling font encoding PD1 ...
... no UTF-8 mapping file for font encoding PD1
) (C:\Users\playc\AppData\Local\Programs\MiKTeX\tex/generic/intcalc\intcalc.sty
Package: intcalc 2019/12/15 v1.3 Expandable calculations with integers (HO)
)
\Hy@SavedSpaceFactor=\count313
 (C:\Users\playc\AppData\Local\Programs\MiKTeX\tex/latex/hyperref\puenc.def
File: puenc.def 2025-07-12 v7.01o Hyperref: PDF Unicode definition (HO)
Now handling font encoding PU ...
... no UTF-8 mapping file for font encoding PU
)
Package hyperref Info: Option `bookmarks' set `true' on input line 4066.
Package hyperref Info: Option `pdfnewwindow' set `true' on input line 4066.
Package hyperref Info: Option `colorlinks' set `true' on input line 4066.
Package hyperref Info: Option `final' set `true' on input line 4066.
Package hyperref Info: Hyper figures OFF on input line 4195.
Package hyperref Info: Link nesting OFF on input line 4200.
Package hyperref Info: Hyper index ON on input line 4203.
Package hyperref Info: Plain pages OFF on input line 4210.
Package hyperref Info: Backreferencing OFF on input line 4215.
Package hyperref Info: Implicit mode ON; LaTeX internals redefined.
Package hyperref Info: Bookmarks ON on input line 4462.
LaTeX Info: Redefining \href on input line 4712.
\c@Hy@tempcnt=\count314
LaTeX Info: Redefining \url on input line 4801.
\XeTeXLinkMargin=\dimen164

(C:\Users\playc\AppData\Local\Programs\MiKTeX\tex/generic/bitset\bitset.sty
Package: bitset 2019/12/09 v1.3 Handle bit-vector datatype (HO)

(C:\Users\playc\AppData\Local\Programs\MiKTeX\tex/generic/bigintcalc\bigintcalc
.sty
Package: bigintcalc 2019/12/15 v1.5 Expandable calculations on big integers (HO
)
))
\Fld@menulength=\count315
\Field@Width=\dimen165
\Fld@charsize=\dimen166
Package hyperref Info: Hyper figures OFF on input line 6078.
Package hyperref Info: Link nesting OFF on input line 6083.
Package hyperref Info: Hyper index ON on input line 6086.
Package hyperref Info: backreferencing OFF on input line 6093.
Package hyperref Info: Link coloring ON on input line 6096.
Package hyperref Info: Link coloring with OCG OFF on input line 6103.
Package hyperref Info: PDF/A mode OFF on input line 6108.
\Hy@abspage=\count316
\c@Item=\count317
\c@Hfootnote=\count318
)
Package hyperref Info: Driver (autodetected): hpdftex.

(C:\Users\playc\AppData\Local\Programs\MiKTeX\tex/latex/hyperref\hpdftex.def
File: hpdftex.def 2025-07-12 v7.01o Hyperref driver for pdfTeX
\Fld@listcount=\count319
\c@bookmark@seq@number=\count320

(C:\Users\playc\AppData\Local\Programs\MiKTeX\tex/latex/rerunfilecheck\rerunfil
echeck.sty
Package: rerunfilecheck 2025-06-21 v1.11 Rerun checks for auxiliary files (HO)

(C:\Users\playc\AppData\Local\Programs\MiKTeX\tex/generic/uniquecounter\uniquec
ounter.sty
Package: uniquecounter 2019/12/15 v1.4 Provide unlimited unique counter (HO)
)
Package uniquecounter Info: New unique counter `rerunfilecheck' on input line 2
84.
)
\Hy@SectionHShift=\skip66
)
(C:\Users\playc\AppData\Local\Programs\MiKTeX\tex/latex/tools\array.sty
Package: array 2025/09/25 v2.6n Tabular extension package (FMi)
\col@sep=\dimen167
\ar@mcellbox=\box73
\extrarowheight=\dimen168
\NC@list=\toks23
\extratabsurround=\skip67
\backup@length=\skip68
\ar@cellbox=\box74
)
\colcount=\count321
\firstcolcount=\count322
\secondcolcount=\count323
\thirdcolcount=\count324
\columncount=\count325
\howmanyDs=\count326
\firsthowmanyDs=\count327
\secondhowmanyDs=\count328
\PartsOfTable=\count329
\columnoneandtwo=\count330
\colnumsused=\count331
\loopnum=\count332
\totalcolumncount=\count333
\totalcolumns=\count334
\firsttablebox=\box75
\secondtablebox=\box76
\thirdtablebox=\box77
\deluxetablecnt=\count335
\toprulebelowsep=\dimen169

(C:\Users\playc\AppData\Local\Programs\MiKTeX\tex/latex/graphics\rotating.sty
Package: rotating 2025/01/14 v2.16e rotated objects in LaTeX
\c@r@tfl@t=\count336
\rotFPtop=\skip69
\rotFPbot=\skip70
\rot@float@box=\box78
\rot@mess@toks=\toks24
)
\zdeluxetablecnt=\count337
\longtablebox=\box79
\aassplitbox=\box80
\movetabledown=\dimen170
\maxtablewidth=\dimen171
\savetabskip=\dimen172
\tempcounter=\count338
\colheadcount=\count339
\rotatetablebox=\box81
\tempallauthorcnt=\count340
\printallauthorcnt=\count341
\refchangenumber=\count342
\listchangenum=\count343

(C:\Users\playc\AppData\Local\Programs\MiKTeX\tex/latex/ulem\ulem.sty
\UL@box=\box82
\UL@hyphenbox=\box83
\UL@skip=\skip71
\UL@hook=\toks25
\UL@height=\dimen173
\UL@pe=\count344
\UL@pixel=\dimen174
\ULC@box=\box84
Package: ulem 2019/11/18
\ULdepth=\dimen175
)
\entriesinthiscollab=\count345
\allentries=\count346
\allauthorcnt=\count347
\cofirstauthorcnt=\count348
\AuthorCollaborationLimit=\count349
\largestAffilNum=\count350
\totalentries=\count351
\docollabnum=\count352
\@docollabnum=\count353
\tempauthornumber=\count354
\countauthors=\count355
\testnum=\count356
\restauentries=\count357
\tempauthorminusone=\count358
\affilnum=\count359
\c@affilcount=\count360
\numauthors=\count361
\collabnum=\count362
\collabnamebox=\box85
\widetext@top=\box86
\widetext@bot=\box87
\currwidth=\dimen176
\interactbox=\box88
\movetableright=\dimen177

(C:\Users\playc\AppData\Local\Programs\MiKTeX\tex/latex/lineno\lineno.sty
Package: lineno 2026/03/08 line numbers on paragraphs v5.9
\linenopenalty=\count363
\output=\toks26
\linenoprevgraf=\count364
\linenumbersep=\dimen178
\linenumberwidth=\dimen179
\c@linenumber=\count365
\c@pagewiselinenumber=\count366
\c@LN@truepage=\count367
\c@internallinenumber=\count368
\c@internallinenumbers=\count369
\quotelinenumbersep=\dimen180
\bframerule=\dimen181
\bframesep=\dimen182
\bframebox=\box89
))
Class aastex701 Info: Unrecognized array package. Please update this document c
lass! (Proceeding with fingers crossed.) on input line 39.
Class aastex701 Info: Patching unrecognized longtable package. (Proceeding with
 fingers crossed) on input line 39.
Class aastex701 Info: cite was not loaded (OK!) on input line 39.
Class aastex701 Info: mcite was not loaded (OK!) on input line 39.
Class aastex701 Info: multicol was not loaded (OK!) on input line 39.

(C:\Users\playc\AppData\Local\Programs\MiKTeX\tex/latex/l3backend\l3backend-pdf
tex.def
File: l3backend-pdftex.def 2025-10-09 L3 backend support: PDF output (pdfTeX)
\l__color_backend_stack_int=\count370
) (APJ_GMR_PAPER1_MANUSCRIPT_V55_REFEREE.aux)
\openout1 = `APJ_GMR_PAPER1_MANUSCRIPT_V55_REFEREE.aux'.

LaTeX Font Info:    Checking defaults for OML/cmm/m/it on input line 39.
LaTeX Font Info:    ... okay on input line 39.
LaTeX Font Info:    Checking defaults for OMS/cmsy/m/n on input line 39.
LaTeX Font Info:    ... okay on input line 39.
LaTeX Font Info:    Checking defaults for OT1/cmr/m/n on input line 39.
LaTeX Font Info:    ... okay on input line 39.
LaTeX Font Info:    Checking defaults for T1/cmr/m/n on input line 39.
LaTeX Font Info:    ... okay on input line 39.
LaTeX Font Info:    Checking defaults for TS1/cmr/m/n on input line 39.
LaTeX Font Info:    ... okay on input line 39.
LaTeX Font Info:    Checking defaults for OMX/cmex/m/n on input line 39.
LaTeX Font Info:    ... okay on input line 39.
LaTeX Font Info:    Checking defaults for U/cmr/m/n on input line 39.
LaTeX Font Info:    ... okay on input line 39.
LaTeX Font Info:    Checking defaults for PD1/pdf/m/n on input line 39.
LaTeX Font Info:    ... okay on input line 39.
LaTeX Font Info:    Checking defaults for PU/pdf/m/n on input line 39.
LaTeX Font Info:    ... okay on input line 39.

(C:\Users\playc\AppData\Local\Programs\MiKTeX\tex/context/base/mkii\supp-pdf.mk
ii
[Loading MPS to PDF converter (version 2006.09.02).]
\scratchcounter=\count371
\scratchdimen=\dimen183
\scratchbox=\box90
\nofMPsegments=\count372
\nofMParguments=\count373
\everyMPshowfont=\toks27
\MPscratchCnt=\count374
\MPscratchDim=\dimen184
\MPnumerator=\count375
\makeMPintoPDFobject=\count376
\everyMPtoPDFconversion=\toks28
)
(C:\Users\playc\AppData\Local\Programs\MiKTeX\tex/latex/epstopdf-pkg\epstopdf-b
ase.sty
Package: epstopdf-base 2020-01-24 v2.11 Base part for package epstopdf

(C:\Users\playc\AppData\Local\Programs\MiKTeX\tex/latex/grfext\grfext.sty
Package: grfext 2019/12/03 v1.3 Manage graphics extensions (HO)
)
Package epstopdf-base Info: Redefining graphics rule for `.eps' on input line 4
85.
Package grfext Info: Graphics extension search list:
(grfext)             [.pdf,.png,.jpg,.mps,.jpeg,.jbig2,.jb2,.PDF,.PNG,.JPG,.JPE
G,.JBIG2,.JB2,.eps]
(grfext)             \AppendGraphicsExtensions on input line 504.

(C:\Users\playc\AppData\Local\Programs\MiKTeX\tex/latex/00miktex\epstopdf-sys.c
fg
File: epstopdf-sys.cfg 2021/03/18 v2.0 Configuration of epstopdf for MiKTeX
))
Package hyperref Info: Link coloring ON on input line 39.
 (APJ_GMR_PAPER1_MANUSCRIPT_V55_REFEREE.out)
(APJ_GMR_PAPER1_MANUSCRIPT_V55_REFEREE.out)
\@outlinefile=\write3
\openout3 = `APJ_GMR_PAPER1_MANUSCRIPT_V55_REFEREE.out'.



Package hyperref Warning: Option `colorlinks' has already been used,
(hyperref)                setting the option has no effect on input line 39.

LaTeX Font Info:    Trying to load font information for U+lasy on input line 47
.
(C:\Users\playc\AppData\Local\Programs\MiKTeX\tex/latex/base\ulasy.fd
File: ulasy.fd 1998/08/17 v2.2e LaTeX symbol font definitions
)
LaTeX Font Info:    Trying to load font information for U+msa on input line 47.


(C:\Users\playc\AppData\Local\Programs\MiKTeX\tex/latex/amsfonts\umsa.fd
File: umsa.fd 2013/01/14 v3.01 AMS symbols A
)
LaTeX Font Info:    Trying to load font information for U+msb on input line 47.


(C:\Users\playc\AppData\Local\Programs\MiKTeX\tex/latex/amsfonts\umsb.fd
File: umsb.fd 2013/01/14 v3.01 AMS symbols B
)

Package hyperref Warning: Ignoring empty anchor on input line 47.

[1{C:/Users/playc/AppData/Local/MiKTeX/fonts/map/pdftex/pdftex.map}] [2]
[3] [4] [5]
<figures/FIG2_metrics_comparison.png, id=317, 867.24pt x 260.172pt>
File: figures/FIG2_metrics_comparison.png Graphic file (type png)
<use figures/FIG2_metrics_comparison.png>
Package pdftex.def Info: figures/FIG2_metrics_comparison.png  used on input lin
e 237.
(pdftex.def)             Requested size: 246.29417pt x 73.88776pt.

Overfull \hbox (4.02765pt too wide) in paragraph at lines 237--238
 [][] 
 []

[6] [7]

LaTeX Warning: A float is stuck (cannot be placed) on input line 289.


LaTeX Warning: A float is stuck (cannot be placed) on input line 289.


Class aastex701 Warning: Deferred float stuck during \clearpage processing.

<figures/FIG1_rotation_curves.png, id=331, 1096.39612pt x 598.6365pt>
File: figures/FIG1_rotation_curves.png Graphic file (type png)
<use figures/FIG1_rotation_curves.png>
Package pdftex.def Info: figures/FIG1_rotation_curves.png  used on input line 2
94.
(pdftex.def)             Requested size: 246.29417pt x 134.47731pt.

Overfull \hbox (4.02765pt too wide) in paragraph at lines 294--295
 [][] 
 []

<figures/FIG7_leverage_by_galaxy.png, id=333, 664.5555pt x 404.712pt>
File: figures/FIG7_leverage_by_galaxy.png Graphic file (type png)
<use figures/FIG7_leverage_by_galaxy.png>
Package pdftex.def Info: figures/FIG7_leverage_by_galaxy.png  used on input lin
e 305.
(pdftex.def)             Requested size: 246.29417pt x 149.98811pt.

Overfull \hbox (4.02765pt too wide) in paragraph at lines 305--306
 [][] 
 []

[8 <./figures/FIG2_metrics_comparison.png> <./figures/FIG1_rotation_curves.png>
 <./figures/FIG7_leverage_by_galaxy.png>]
<figures/FIG5_bootstrap_summary.png, id=344, 578.16pt x 303.534pt>
File: figures/FIG5_bootstrap_summary.png Graphic file (type png)
<use figures/FIG5_bootstrap_summary.png>
Package pdftex.def Info: figures/FIG5_bootstrap_summary.png  used on input line
 320.
(pdftex.def)             Requested size: 246.29417pt x 129.3036pt.

Overfull \hbox (4.02765pt too wide) in paragraph at lines 320--321
 [][] 
 []

<figures/FIG3_RAR.png, id=345, 543.83176pt x 651.93562pt>
File: figures/FIG3_RAR.png Graphic file (type png)
<use figures/FIG3_RAR.png>
Package pdftex.def Info: figures/FIG3_RAR.png  used on input line 335.
(pdftex.def)             Requested size: 246.29417pt x 295.24843pt.

Overfull \hbox (4.02765pt too wide) in paragraph at lines 335--336
 [][] 
 []

<figures/FIG4_BTFR.png, id=346, 502.87875pt x 426.393pt>
File: figures/FIG4_BTFR.png Graphic file (type png)
<use figures/FIG4_BTFR.png>
Package pdftex.def Info: figures/FIG4_BTFR.png  used on input line 346.
(pdftex.def)             Requested size: 246.29417pt x 208.83029pt.

Overfull \hbox (4.02765pt too wide) in paragraph at lines 346--347
 [][] 
 []

[9 <./figures/FIG5_bootstrap_summary.png>]

LaTeX Warning: A float is stuck (cannot be placed) on input line 349.


LaTeX Warning: A float is stuck (cannot be placed) on input line 349.


Class aastex701 Warning: Deferred float stuck during \clearpage processing.

[10 <./figures/FIG3_RAR.png> <./figures/FIG4_BTFR.png>] [11]
(APJ_GMR_PAPER1_MANUSCRIPT_V55_REFEREE.bbl [12]) [13]
(APJ_GMR_PAPER1_MANUSCRIPT_V55_REFEREE.aux)
 ***********
LaTeX2e <2025-11-01>
L3 programming layer <2025-12-24>
 ***********
Package rerunfilecheck Info: File `APJ_GMR_PAPER1_MANUSCRIPT_V55_REFEREE.out' h
as not changed.
(rerunfilecheck)             Checksum: F900E76076C98B2DAD68800BF3DFF883;3356.
 ) 
Here is how much of TeX's memory you used:
 13132 strings out of 467871
 197758 string characters out of 5418376
 703286 words of memory out of 5000000
 41759 multiletter control sequences out of 15000+600000
 638978 words of font info for 85 fonts, out of 8000000 for 9000
 1141 hyphenation exceptions out of 8191
 90i,11n,93p,1799b,662s stack positions out of 10000i,1000n,20000p,200000b,200000s
<C:/Users/playc/AppData/Local/Programs/MiKTeX/fonts/type1/public/amsfonts/cm/
cmbx10.pfb><C:/Users/playc/AppData/Local/Programs/MiKTeX/fonts/type1/public/ams
fonts/cm/cmbx9.pfb><C:/Users/playc/AppData/Local/Programs/MiKTeX/fonts/type1/pu
blic/amsfonts/cm/cmcsc10.pfb><C:/Users/playc/AppData/Local/Programs/MiKTeX/font
s/type1/public/amsfonts/cm/cmex10.pfb><C:/Users/playc/AppData/Local/Programs/Mi
KTeX/fonts/type1/public/amsfonts/cm/cmmi10.pfb><C:/Users/playc/AppData/Local/Pr
ograms/MiKTeX/fonts/type1/public/amsfonts/cm/cmmi5.pfb><C:/Users/playc/AppData/
Local/Programs/MiKTeX/fonts/type1/public/amsfonts/cm/cmmi6.pfb><C:/Users/playc/
AppData/Local/Programs/MiKTeX/fonts/type1/public/amsfonts/cm/cmmi7.pfb><C:/User
s/playc/AppData/Local/Programs/MiKTeX/fonts/type1/public/amsfonts/cm/cmmi9.pfb>
<C:/Users/playc/AppData/Local/Programs/MiKTeX/fonts/type1/public/amsfonts/cm/cm
r10.pfb><C:/Users/playc/AppData/Local/Programs/MiKTeX/fonts/type1/public/amsfon
ts/cm/cmr5.pfb><C:/Users/playc/AppData/Local/Programs/MiKTeX/fonts/type1/public
/amsfonts/cm/cmr6.pfb><C:/Users/playc/AppData/Local/Programs/MiKTeX/fonts/type1
/public/amsfonts/cm/cmr7.pfb><C:/Users/playc/AppData/Local/Programs/MiKTeX/font
s/type1/public/amsfonts/cm/cmr8.pfb><C:/Users/playc/AppData/Local/Programs/MiKT
eX/fonts/type1/public/amsfonts/cm/cmr9.pfb><C:/Users/playc/AppData/Local/Progra
ms/MiKTeX/fonts/type1/public/amsfonts/cm/cmss8.pfb><C:/Users/playc/AppData/Loca
l/Programs/MiKTeX/fonts/type1/public/amsfonts/cm/cmsy10.pfb><C:/Users/playc/App
Data/Local/Programs/MiKTeX/fonts/type1/public/amsfonts/cm/cmsy5.pfb><C:/Users/p
layc/AppData/Local/Programs/MiKTeX/fonts/type1/public/amsfonts/cm/cmsy6.pfb><C:
/Users/playc/AppData/Local/Programs/MiKTeX/fonts/type1/public/amsfonts/cm/cmsy7
.pfb><C:/Users/playc/AppData/Local/Programs/MiKTeX/fonts/type1/public/amsfonts/
cm/cmsy9.pfb><C:/Users/playc/AppData/Local/Programs/MiKTeX/fonts/type1/public/a
msfonts/cm/cmti10.pfb><C:/Users/playc/AppData/Local/Programs/MiKTeX/fonts/type1
/public/amsfonts/cm/cmti12.pfb><C:/Users/playc/AppData/Local/Programs/MiKTeX/fo
nts/type1/public/amsfonts/cm/cmti8.pfb><C:/Users/playc/AppData/Local/Programs/M
iKTeX/fonts/type1/public/amsfonts/cm/cmti9.pfb><C:/Users/playc/AppData/Local/Pr
ograms/MiKTeX/fonts/type1/public/amsfonts/cm/cmtt10.pfb>
Output written on APJ_GMR_PAPER1_MANUSCRIPT_V55_REFEREE.pdf (13 pages, 1716619 
bytes).
PDF statistics:
 556 PDF objects out of 1000 (max. 8388607)
 107 named destinations out of 1000 (max. 500000)
 159 words of extra memory for PDF output out of 10000 (max. 10000000)

